// Jest Snapshot v1, https://goo.gl/fbAQLP

exports[`Country List Screen User navigates Country List Screen 1`] = `
<div
  className="countryListMainContainer"
>
  <div
    className="countryContainer"
  >
    <p
      className="searchedCountryText"
    >
      Searched Country List
    </p>
    <div
      className="countryList"
    />
  </div>
</div>
`;

exports[`Country List Screen User navigates Country List Screen 2`] = `
<div
  className="countryListMainContainer"
>
  <div
    className="countryContainer"
  >
    <p
      className="searchedCountryText"
    >
      Searched Country List
    </p>
    <div
      className="countryList"
    />
  </div>
</div>
`;
