// Jest Snapshot v1, https://goo.gl/fbAQLP

exports[`Country Details Screen User navigates Country Details Screen 1`] = `
<div
  className="countryDetailsMainContainer"
>
  <div
    className="countryDetail"
  >
    <p
      className="countryDetailText"
    >
      Country Details
    </p>
    <div
      className="countryDetailCell"
    >
      <img
        className="flagIcon"
      />
      <div>
        <p
          className="dataValue"
        >
          Country: 
        </p>
        <p
          className="dataValue"
        >
          Population: 
        </p>
        <p
          className="dataValue"
        >
          Latlng: 
          0
           
          0
        </p>
      </div>
    </div>
    <button
      className="weatherButton"
      onClick={[Function]}
    >
      Capital Weather
    </button>
  </div>
</div>
`;

exports[`Country Details Screen User navigates Country Details Screen 2`] = `
<div
  className="countryDetailsMainContainer"
>
  <div
    className="countryDetail"
  >
    <p
      className="countryDetailText"
    >
      Country Details
    </p>
    <div
      className="countryDetailCell"
    >
      <img
        className="flagIcon"
      />
      <div>
        <p
          className="dataValue"
        >
          Country: 
        </p>
        <p
          className="dataValue"
        >
          Population: 
        </p>
        <p
          className="dataValue"
        >
          Latlng: 
          0
           
          0
        </p>
      </div>
    </div>
    <button
      className="weatherButton"
      onClick={[Function]}
    >
      Capital Weather
    </button>
  </div>
</div>
`;
