// Jest Snapshot v1, https://goo.gl/fbAQLP

exports[`Restaurant Home Screen User navigates Restaurant Home Screen 1`] = `
<div
  className="mainContainer"
>
  <RestaurantNav
    id="RestaurantHome"
    navigation={
      Object {
        "navigate": [MockFunction],
      }
    }
  />
  <Carousel
    autoPlaySpeed={1500}
    autoTabIndexVisibleItems={true}
    className=""
    disableArrowsOnEnd={true}
    easing="ease"
    enableAutoPlay={true}
    enableMouseSwipe={true}
    enableSwipe={true}
    enableTilt={true}
    focusOnSelect={false}
    initialActiveIndex={0}
    initialFirstItem={0}
    isRTL={false}
    itemPadding={
      Array [
        0,
        0,
        0,
        0,
      ]
    }
    itemPosition="center"
    itemsToScroll={1}
    itemsToShow={1}
    onChange={[Function]}
    onNextEnd={[Function]}
    onNextStart={[Function]}
    onPrevEnd={[Function]}
    onPrevStart={[Function]}
    onResize={[Function]}
    outerSpacing={0}
    pagination={true}
    preventDefaultTouchmoveEvent={false}
    renderPagination={[Function]}
    showArrows={false}
    showEmptySlots={false}
    style={Object {}}
    tiltEasing="ease"
    transitionMs={500}
    verticalMode={false}
  >
    <div
      className="bannerContainer"
      key="0"
    >
      <img
        alt="BANNER"
        className="bannerImage"
        src="banner.png"
      />
      <div
        className="bannerData"
      >
        <img
          alt="BACK_BANNER"
          className="backwardIcon"
          onClick={[Function]}
          src="back-track.png"
        />
        <div
          className="bannerInternal"
        >
          <h1
            className="bannerHeadingH1"
          >
            50% Off
          </h1>
          <p
            className="bannerTextP"
          >
            On your first Order
          </p>
          <button
            className="orderNowButton"
          >
            Order Now
          </button>
        </div>
        <img
          alt="FORWARD_BANNER"
          className="forwardIcon"
          onClick={[Function]}
          src="forward-track.png"
        />
      </div>
    </div>
    <div
      className="bannerContainer"
      key="1"
    >
      <img
        alt="BANNER"
        className="bannerImage"
        src="banner.png"
      />
      <div
        className="bannerData"
      >
        <img
          alt="BACK_BANNER"
          className="backwardIcon"
          onClick={[Function]}
          src="back-track.png"
        />
        <div
          className="bannerInternal"
        >
          <h1
            className="bannerHeadingH1"
          >
            50% Off
          </h1>
          <p
            className="bannerTextP"
          >
            On your first Order
          </p>
          <button
            className="orderNowButton"
          >
            Order Now
          </button>
        </div>
        <img
          alt="FORWARD_BANNER"
          className="forwardIcon"
          onClick={[Function]}
          src="forward-track.png"
        />
      </div>
    </div>
    <div
      className="bannerContainer"
      key="2"
    >
      <img
        alt="BANNER"
        className="bannerImage"
        src="banner.png"
      />
      <div
        className="bannerData"
      >
        <img
          alt="BACK_BANNER"
          className="backwardIcon"
          onClick={[Function]}
          src="back-track.png"
        />
        <div
          className="bannerInternal"
        >
          <h1
            className="bannerHeadingH1"
          >
            50% Off
          </h1>
          <p
            className="bannerTextP"
          >
            On your first Order
          </p>
          <button
            className="orderNowButton"
          >
            Order Now
          </button>
        </div>
        <img
          alt="FORWARD_BANNER"
          className="forwardIcon"
          onClick={[Function]}
          src="forward-track.png"
        />
      </div>
    </div>
    <div
      className="bannerContainer"
      key="3"
    >
      <img
        alt="BANNER"
        className="bannerImage"
        src="banner.png"
      />
      <div
        className="bannerData"
      >
        <img
          alt="BACK_BANNER"
          className="backwardIcon"
          onClick={[Function]}
          src="back-track.png"
        />
        <div
          className="bannerInternal"
        >
          <h1
            className="bannerHeadingH1"
          >
            50% Off
          </h1>
          <p
            className="bannerTextP"
          >
            On your first Order
          </p>
          <button
            className="orderNowButton"
          >
            Order Now
          </button>
        </div>
        <img
          alt="FORWARD_BANNER"
          className="forwardIcon"
          onClick={[Function]}
          src="forward-track.png"
        />
      </div>
    </div>
    <div
      className="bannerContainer"
      key="4"
    >
      <img
        alt="BANNER"
        className="bannerImage"
        src="banner.png"
      />
      <div
        className="bannerData"
      >
        <img
          alt="BACK_BANNER"
          className="backwardIcon"
          onClick={[Function]}
          src="back-track.png"
        />
        <div
          className="bannerInternal"
        >
          <h1
            className="bannerHeadingH1"
          >
            50% Off
          </h1>
          <p
            className="bannerTextP"
          >
            On your first Order
          </p>
          <button
            className="orderNowButton"
          >
            Order Now
          </button>
        </div>
        <img
          alt="FORWARD_BANNER"
          className="forwardIcon"
          onClick={[Function]}
          src="forward-track.png"
        />
      </div>
    </div>
  </Carousel>
  <div
    className="midContainer"
  >
    <div
      className="leftContainer"
    >
      <p
        className="menuText"
      >
        Menu
      </p>
      <div
        className="menulist"
      >
        <p
          className="menuLabel"
          key="0"
        >
          Veg Pizza (17)
        </p>
        <p
          className="menuLabel"
          key="1"
        >
          Veg Pizza (17)
        </p>
        <p
          className="menuLabel"
          key="2"
        >
          Veg Pizza (17)
        </p>
        <p
          className="menuLabel"
          key="3"
        >
          Veg Pizza (17)
        </p>
        <p
          className="menuLabel"
          key="4"
        >
          Veg Pizza (17)
        </p>
        <p
          className="menuLabel"
          key="5"
        >
          Veg Pizza (17)
        </p>
        <p
          className="menuLabel"
          key="6"
        >
          Veg Pizza (17)
        </p>
        <p
          className="menuLabel"
          key="7"
        >
          Veg Pizza (17)
        </p>
        <p
          className="menuLabel"
          key="8"
        >
          Veg Pizza (17)
        </p>
        <p
          className="menuLabel"
          key="9"
        >
          Veg Pizza (17)
        </p>
        <p
          className="menuLabel"
          key="10"
        >
          Veg Pizza (17)
        </p>
        <p
          className="menuLabel"
          key="11"
        >
          Veg Pizza (17)
        </p>
        <p
          className="menuLabel"
          key="12"
        >
          Veg Pizza (17)
        </p>
        <p
          className="menuLabel"
          key="13"
        >
          Veg Pizza (17)
        </p>
        <p
          className="menuLabel"
          key="14"
        >
          Veg Pizza (17)
        </p>
      </div>
    </div>
    <div
      className="middleContainer"
    >
      <div
        className="recommendedRow"
      >
        <p
          className="recommendedText"
        >
          Recommended (85)
        </p>
        <div
          className="rightView"
        >
          <div
            className="vegButton"
          >
            <img
              alt="GREEN_DOT"
              className="greenDot"
              src="greenDot.png"
            />
            <p
              className="vegText"
            >
              VEG
            </p>
          </div>
          <div
            className="nonVegButton"
          >
            <img
              alt="RED_DOT"
              className="redDot"
              src="redDot.png"
            />
            <p
              className="nonVegText"
            >
              NON-VEG
            </p>
          </div>
          <div
            className="verticalLines"
          />
          <p
            className="myFavText"
          >
            My Favorites
          </p>
          <img
            alt="TOGGLE_ICON"
            className="toggleIcon"
            src="toggleIcon.png"
          />
        </div>
      </div>
      <div
        className="cellContainer"
        key="0"
      >
        <img
          alt="PRODUCT_ICON"
          className="productIcon"
          src="product.png"
        />
        <div
          className="rightContainerRow"
        >
          <div
            className="firstRow"
          >
            <div
              className="dotRow"
            >
              <img
                alt="GREEN_DOT"
                className="greenIcon"
                src="greenDot.png"
              />
              <div
                className="starRow"
              >
                <p
                  className="ratingText"
                >
                  4.0
                </p>
                <img
                  alt="STAR_ICON"
                  className="starIcon"
                  src="star.png"
                />
              </div>
            </div>
            <img
              alt="HEART_ICON"
              className="heartIcon"
              src="heart.png"
            />
          </div>
          <p
            className="productName"
          >
            Margherita
          </p>
          <p
            className="productDescription"
          >
            A Classic delight with 100 %  Real mozzarella..
          </p>
          <div
            className="bottomRow"
          >
            <div
              className="priceRow"
            >
              <p
                className="priceText"
              >
                £5.0
              </p>
              <p
                className="cutprice"
              >
                £10.0
              </p>
              <p
                className="saveText"
              >
                Save 50%
              </p>
            </div>
            <button
              className="addCartButton"
            >
              Add
            </button>
          </div>
        </div>
      </div>
      <div
        className="cellContainer"
        key="1"
      >
        <img
          alt="PRODUCT_ICON"
          className="productIcon"
          src="product.png"
        />
        <div
          className="rightContainerRow"
        >
          <div
            className="firstRow"
          >
            <div
              className="dotRow"
            >
              <img
                alt="GREEN_DOT"
                className="greenIcon"
                src="greenDot.png"
              />
              <div
                className="starRow"
              >
                <p
                  className="ratingText"
                >
                  4.0
                </p>
                <img
                  alt="STAR_ICON"
                  className="starIcon"
                  src="star.png"
                />
              </div>
            </div>
            <img
              alt="HEART_ICON"
              className="heartIcon"
              src="heart.png"
            />
          </div>
          <p
            className="productName"
          >
            Margherita
          </p>
          <p
            className="productDescription"
          >
            A Classic delight with 100 %  Real mozzarella..
          </p>
          <div
            className="bottomRow"
          >
            <div
              className="priceRow"
            >
              <p
                className="priceText"
              >
                £5.0
              </p>
              <p
                className="cutprice"
              >
                £10.0
              </p>
              <p
                className="saveText"
              >
                Save 50%
              </p>
            </div>
            <button
              className="addCartButton"
            >
              Add
            </button>
          </div>
        </div>
      </div>
      <div
        className="cellContainer"
        key="2"
      >
        <img
          alt="PRODUCT_ICON"
          className="productIcon"
          src="product.png"
        />
        <div
          className="rightContainerRow"
        >
          <div
            className="firstRow"
          >
            <div
              className="dotRow"
            >
              <img
                alt="GREEN_DOT"
                className="greenIcon"
                src="greenDot.png"
              />
              <div
                className="starRow"
              >
                <p
                  className="ratingText"
                >
                  4.0
                </p>
                <img
                  alt="STAR_ICON"
                  className="starIcon"
                  src="star.png"
                />
              </div>
            </div>
            <img
              alt="HEART_ICON"
              className="heartIcon"
              src="heart.png"
            />
          </div>
          <p
            className="productName"
          >
            Margherita
          </p>
          <p
            className="productDescription"
          >
            A Classic delight with 100 %  Real mozzarella..
          </p>
          <div
            className="bottomRow"
          >
            <div
              className="priceRow"
            >
              <p
                className="priceText"
              >
                £5.0
              </p>
              <p
                className="cutprice"
              >
                £10.0
              </p>
              <p
                className="saveText"
              >
                Save 50%
              </p>
            </div>
            <button
              className="addCartButton"
            >
              Add
            </button>
          </div>
        </div>
      </div>
      <div
        className="cellContainer"
        key="3"
      >
        <img
          alt="PRODUCT_ICON"
          className="productIcon"
          src="product.png"
        />
        <div
          className="rightContainerRow"
        >
          <div
            className="firstRow"
          >
            <div
              className="dotRow"
            >
              <img
                alt="GREEN_DOT"
                className="greenIcon"
                src="greenDot.png"
              />
              <div
                className="starRow"
              >
                <p
                  className="ratingText"
                >
                  4.0
                </p>
                <img
                  alt="STAR_ICON"
                  className="starIcon"
                  src="star.png"
                />
              </div>
            </div>
            <img
              alt="HEART_ICON"
              className="heartIcon"
              src="heart.png"
            />
          </div>
          <p
            className="productName"
          >
            Margherita
          </p>
          <p
            className="productDescription"
          >
            A Classic delight with 100 %  Real mozzarella..
          </p>
          <div
            className="bottomRow"
          >
            <div
              className="priceRow"
            >
              <p
                className="priceText"
              >
                £5.0
              </p>
              <p
                className="cutprice"
              >
                £10.0
              </p>
              <p
                className="saveText"
              >
                Save 50%
              </p>
            </div>
            <button
              className="addCartButton"
            >
              Add
            </button>
          </div>
        </div>
      </div>
      <div
        className="cellContainer"
        key="4"
      >
        <img
          alt="PRODUCT_ICON"
          className="productIcon"
          src="product.png"
        />
        <div
          className="rightContainerRow"
        >
          <div
            className="firstRow"
          >
            <div
              className="dotRow"
            >
              <img
                alt="GREEN_DOT"
                className="greenIcon"
                src="greenDot.png"
              />
              <div
                className="starRow"
              >
                <p
                  className="ratingText"
                >
                  4.0
                </p>
                <img
                  alt="STAR_ICON"
                  className="starIcon"
                  src="star.png"
                />
              </div>
            </div>
            <img
              alt="HEART_ICON"
              className="heartIcon"
              src="heart.png"
            />
          </div>
          <p
            className="productName"
          >
            Margherita
          </p>
          <p
            className="productDescription"
          >
            A Classic delight with 100 %  Real mozzarella..
          </p>
          <div
            className="bottomRow"
          >
            <div
              className="priceRow"
            >
              <p
                className="priceText"
              >
                £5.0
              </p>
              <p
                className="cutprice"
              >
                £10.0
              </p>
              <p
                className="saveText"
              >
                Save 50%
              </p>
            </div>
            <button
              className="addCartButton"
            >
              Add
            </button>
          </div>
        </div>
      </div>
      <div
        className="cellContainer"
        key="5"
      >
        <img
          alt="PRODUCT_ICON"
          className="productIcon"
          src="product.png"
        />
        <div
          className="rightContainerRow"
        >
          <div
            className="firstRow"
          >
            <div
              className="dotRow"
            >
              <img
                alt="GREEN_DOT"
                className="greenIcon"
                src="greenDot.png"
              />
              <div
                className="starRow"
              >
                <p
                  className="ratingText"
                >
                  4.0
                </p>
                <img
                  alt="STAR_ICON"
                  className="starIcon"
                  src="star.png"
                />
              </div>
            </div>
            <img
              alt="HEART_ICON"
              className="heartIcon"
              src="heart.png"
            />
          </div>
          <p
            className="productName"
          >
            Margherita
          </p>
          <p
            className="productDescription"
          >
            A Classic delight with 100 %  Real mozzarella..
          </p>
          <div
            className="bottomRow"
          >
            <div
              className="priceRow"
            >
              <p
                className="priceText"
              >
                £5.0
              </p>
              <p
                className="cutprice"
              >
                £10.0
              </p>
              <p
                className="saveText"
              >
                Save 50%
              </p>
            </div>
            <button
              className="addCartButton"
            >
              Add
            </button>
          </div>
        </div>
      </div>
    </div>
    <div
      className="rightContainer"
    >
      <p
        className="emptyText"
      >
        Cart Empty
      </p>
      <div
        className="cartContainer"
      >
        <img
          alt="CART_EMPTY_ICON"
          className="cartEmptyIcon"
          src="cart_empty.png"
        />
        <p
          className="cartEmptyText"
        >
          Cart is empty !
        </p>
        <p
          className="emptyMessage"
        >
          Order some items from the menu and enjoy meal.
        </p>
      </div>
      <img
        alt="COUPON_IMAGE"
        className="couponImage"
        src="https://cdn.static-zoutons.com/images/originals/blog/MAIN_BANNER-01_(3)_1609855163.png"
      />
      <img
        alt="COUPON_IMAGE"
        className="couponImage1"
        src="https://cdn.static-zoutons.com/images/originals/blog/BANNER29_12_1609855426.png"
      />
    </div>
    <div
      className="downloadContainer"
    >
      <img
        alt="BOTTOM_BANNER"
        className="bottomBanner"
        src="bottomBanner.png"
      />
      <div
        className="dataContainer"
      >
        <p
          className="downloadAppText"
        >
          Download the App for Free
        </p>
        <div
          className="buttonRow"
        >
          <img
            alt="GOOGLE_PLAY_ICON"
            className="appStoreIcon"
            src="googlePlayIcon.png"
          />
          <img
            alt="APP_STORE_ICON"
            className="appStoreIcon"
            src="appStoreIcon.png"
          />
        </div>
      </div>
    </div>
  </div>
  <div
    className="footerContainer"
  >
    <div
      className="leftFooter"
    >
      <p
        className="brandText"
      >
        Studio Store
      </p>
      <p
        className="brandDesc"
      >
        Lorem Ipsum is simply dummy text of the printing and typesetting industry. Lorem Ipsum has been the industry's standard dummy text ever since the 1500s
      </p>
    </div>
    <div
      className="midFooter"
    >
      <div
        className="leftColumn"
      >
        <p
          className="usefulHeadful"
        >
          Useful Links
        </p>
        <p
          className="usefulLabel"
        >
          About Us
        </p>
        <p
          className="usefulLabel"
        >
          Delivery & Returns
        </p>
        <p
          className="usefulLabel"
        >
          Site Map
        </p>
        <p
          className="usefulLabel"
        >
          Contact Us
        </p>
      </div>
      <div
        className="rightColumn"
      >
        <p
          className="usefulHeadful"
        >
          Quick Links
        </p>
        <p
          className="usefulLabel"
        >
          Help Center
        </p>
        <p
          className="usefulLabel"
        >
          FAQ's
        </p>
        <p
          className="usefulLabel"
        >
          Terms & Conditions
        </p>
        <p
          className="usefulLabel"
        >
          Privacy Policy
        </p>
      </div>
    </div>
    <div
      className="rightFooter"
    >
      <p
        className="promotionsText"
      >
        Promotions
      </p>
      <img
        alt="FOOTER_COUPON_ICON"
        className="footerCouponIcon"
        src="footerCoupon.png"
      />
    </div>
  </div>
  <div
    className="copyrightContainer"
  >
    <p
      className="copyrightText"
    >
      Copyright © 2020 Studio Store, USA. All rights reserved.
    </p>
  </div>
</div>
`;

exports[`Restaurant Home Screen User navigates Restaurant Home Screen 2`] = `
<div
  className="mainContainer"
>
  <RestaurantNav
    id="RestaurantHome"
    navigation={
      Object {
        "navigate": [MockFunction],
      }
    }
  />
  <Carousel
    autoPlaySpeed={1500}
    autoTabIndexVisibleItems={true}
    className=""
    disableArrowsOnEnd={true}
    easing="ease"
    enableAutoPlay={true}
    enableMouseSwipe={true}
    enableSwipe={true}
    enableTilt={true}
    focusOnSelect={false}
    initialActiveIndex={0}
    initialFirstItem={0}
    isRTL={false}
    itemPadding={
      Array [
        0,
        0,
        0,
        0,
      ]
    }
    itemPosition="center"
    itemsToScroll={1}
    itemsToShow={1}
    onChange={[Function]}
    onNextEnd={[Function]}
    onNextStart={[Function]}
    onPrevEnd={[Function]}
    onPrevStart={[Function]}
    onResize={[Function]}
    outerSpacing={0}
    pagination={true}
    preventDefaultTouchmoveEvent={false}
    renderPagination={[Function]}
    showArrows={false}
    showEmptySlots={false}
    style={Object {}}
    tiltEasing="ease"
    transitionMs={500}
    verticalMode={false}
  >
    <div
      className="bannerContainer"
      key="0"
    >
      <img
        alt="BANNER"
        className="bannerImage"
        src="banner.png"
      />
      <div
        className="bannerData"
      >
        <img
          alt="BACK_BANNER"
          className="backwardIcon"
          onClick={[Function]}
          src="back-track.png"
        />
        <div
          className="bannerInternal"
        >
          <h1
            className="bannerHeadingH1"
          >
            50% Off
          </h1>
          <p
            className="bannerTextP"
          >
            On your first Order
          </p>
          <button
            className="orderNowButton"
          >
            Order Now
          </button>
        </div>
        <img
          alt="FORWARD_BANNER"
          className="forwardIcon"
          onClick={[Function]}
          src="forward-track.png"
        />
      </div>
    </div>
    <div
      className="bannerContainer"
      key="1"
    >
      <img
        alt="BANNER"
        className="bannerImage"
        src="banner.png"
      />
      <div
        className="bannerData"
      >
        <img
          alt="BACK_BANNER"
          className="backwardIcon"
          onClick={[Function]}
          src="back-track.png"
        />
        <div
          className="bannerInternal"
        >
          <h1
            className="bannerHeadingH1"
          >
            50% Off
          </h1>
          <p
            className="bannerTextP"
          >
            On your first Order
          </p>
          <button
            className="orderNowButton"
          >
            Order Now
          </button>
        </div>
        <img
          alt="FORWARD_BANNER"
          className="forwardIcon"
          onClick={[Function]}
          src="forward-track.png"
        />
      </div>
    </div>
    <div
      className="bannerContainer"
      key="2"
    >
      <img
        alt="BANNER"
        className="bannerImage"
        src="banner.png"
      />
      <div
        className="bannerData"
      >
        <img
          alt="BACK_BANNER"
          className="backwardIcon"
          onClick={[Function]}
          src="back-track.png"
        />
        <div
          className="bannerInternal"
        >
          <h1
            className="bannerHeadingH1"
          >
            50% Off
          </h1>
          <p
            className="bannerTextP"
          >
            On your first Order
          </p>
          <button
            className="orderNowButton"
          >
            Order Now
          </button>
        </div>
        <img
          alt="FORWARD_BANNER"
          className="forwardIcon"
          onClick={[Function]}
          src="forward-track.png"
        />
      </div>
    </div>
    <div
      className="bannerContainer"
      key="3"
    >
      <img
        alt="BANNER"
        className="bannerImage"
        src="banner.png"
      />
      <div
        className="bannerData"
      >
        <img
          alt="BACK_BANNER"
          className="backwardIcon"
          onClick={[Function]}
          src="back-track.png"
        />
        <div
          className="bannerInternal"
        >
          <h1
            className="bannerHeadingH1"
          >
            50% Off
          </h1>
          <p
            className="bannerTextP"
          >
            On your first Order
          </p>
          <button
            className="orderNowButton"
          >
            Order Now
          </button>
        </div>
        <img
          alt="FORWARD_BANNER"
          className="forwardIcon"
          onClick={[Function]}
          src="forward-track.png"
        />
      </div>
    </div>
    <div
      className="bannerContainer"
      key="4"
    >
      <img
        alt="BANNER"
        className="bannerImage"
        src="banner.png"
      />
      <div
        className="bannerData"
      >
        <img
          alt="BACK_BANNER"
          className="backwardIcon"
          onClick={[Function]}
          src="back-track.png"
        />
        <div
          className="bannerInternal"
        >
          <h1
            className="bannerHeadingH1"
          >
            50% Off
          </h1>
          <p
            className="bannerTextP"
          >
            On your first Order
          </p>
          <button
            className="orderNowButton"
          >
            Order Now
          </button>
        </div>
        <img
          alt="FORWARD_BANNER"
          className="forwardIcon"
          onClick={[Function]}
          src="forward-track.png"
        />
      </div>
    </div>
  </Carousel>
  <div
    className="midContainer"
  >
    <div
      className="leftContainer"
    >
      <p
        className="menuText"
      >
        Menu
      </p>
      <div
        className="menulist"
      >
        <p
          className="menuLabel"
          key="0"
        >
          Veg Pizza (17)
        </p>
        <p
          className="menuLabel"
          key="1"
        >
          Veg Pizza (17)
        </p>
        <p
          className="menuLabel"
          key="2"
        >
          Veg Pizza (17)
        </p>
        <p
          className="menuLabel"
          key="3"
        >
          Veg Pizza (17)
        </p>
        <p
          className="menuLabel"
          key="4"
        >
          Veg Pizza (17)
        </p>
        <p
          className="menuLabel"
          key="5"
        >
          Veg Pizza (17)
        </p>
        <p
          className="menuLabel"
          key="6"
        >
          Veg Pizza (17)
        </p>
        <p
          className="menuLabel"
          key="7"
        >
          Veg Pizza (17)
        </p>
        <p
          className="menuLabel"
          key="8"
        >
          Veg Pizza (17)
        </p>
        <p
          className="menuLabel"
          key="9"
        >
          Veg Pizza (17)
        </p>
        <p
          className="menuLabel"
          key="10"
        >
          Veg Pizza (17)
        </p>
        <p
          className="menuLabel"
          key="11"
        >
          Veg Pizza (17)
        </p>
        <p
          className="menuLabel"
          key="12"
        >
          Veg Pizza (17)
        </p>
        <p
          className="menuLabel"
          key="13"
        >
          Veg Pizza (17)
        </p>
        <p
          className="menuLabel"
          key="14"
        >
          Veg Pizza (17)
        </p>
      </div>
    </div>
    <div
      className="middleContainer"
    >
      <div
        className="recommendedRow"
      >
        <p
          className="recommendedText"
        >
          Recommended (85)
        </p>
        <div
          className="rightView"
        >
          <div
            className="vegButton"
          >
            <img
              alt="GREEN_DOT"
              className="greenDot"
              src="greenDot.png"
            />
            <p
              className="vegText"
            >
              VEG
            </p>
          </div>
          <div
            className="nonVegButton"
          >
            <img
              alt="RED_DOT"
              className="redDot"
              src="redDot.png"
            />
            <p
              className="nonVegText"
            >
              NON-VEG
            </p>
          </div>
          <div
            className="verticalLines"
          />
          <p
            className="myFavText"
          >
            My Favorites
          </p>
          <img
            alt="TOGGLE_ICON"
            className="toggleIcon"
            src="toggleIcon.png"
          />
        </div>
      </div>
      <div
        className="cellContainer"
        key="0"
      >
        <img
          alt="PRODUCT_ICON"
          className="productIcon"
          src="product.png"
        />
        <div
          className="rightContainerRow"
        >
          <div
            className="firstRow"
          >
            <div
              className="dotRow"
            >
              <img
                alt="GREEN_DOT"
                className="greenIcon"
                src="greenDot.png"
              />
              <div
                className="starRow"
              >
                <p
                  className="ratingText"
                >
                  4.0
                </p>
                <img
                  alt="STAR_ICON"
                  className="starIcon"
                  src="star.png"
                />
              </div>
            </div>
            <img
              alt="HEART_ICON"
              className="heartIcon"
              src="heart.png"
            />
          </div>
          <p
            className="productName"
          >
            Margherita
          </p>
          <p
            className="productDescription"
          >
            A Classic delight with 100 %  Real mozzarella..
          </p>
          <div
            className="bottomRow"
          >
            <div
              className="priceRow"
            >
              <p
                className="priceText"
              >
                £5.0
              </p>
              <p
                className="cutprice"
              >
                £10.0
              </p>
              <p
                className="saveText"
              >
                Save 50%
              </p>
            </div>
            <button
              className="addCartButton"
            >
              Add
            </button>
          </div>
        </div>
      </div>
      <div
        className="cellContainer"
        key="1"
      >
        <img
          alt="PRODUCT_ICON"
          className="productIcon"
          src="product.png"
        />
        <div
          className="rightContainerRow"
        >
          <div
            className="firstRow"
          >
            <div
              className="dotRow"
            >
              <img
                alt="GREEN_DOT"
                className="greenIcon"
                src="greenDot.png"
              />
              <div
                className="starRow"
              >
                <p
                  className="ratingText"
                >
                  4.0
                </p>
                <img
                  alt="STAR_ICON"
                  className="starIcon"
                  src="star.png"
                />
              </div>
            </div>
            <img
              alt="HEART_ICON"
              className="heartIcon"
              src="heart.png"
            />
          </div>
          <p
            className="productName"
          >
            Margherita
          </p>
          <p
            className="productDescription"
          >
            A Classic delight with 100 %  Real mozzarella..
          </p>
          <div
            className="bottomRow"
          >
            <div
              className="priceRow"
            >
              <p
                className="priceText"
              >
                £5.0
              </p>
              <p
                className="cutprice"
              >
                £10.0
              </p>
              <p
                className="saveText"
              >
                Save 50%
              </p>
            </div>
            <button
              className="addCartButton"
            >
              Add
            </button>
          </div>
        </div>
      </div>
      <div
        className="cellContainer"
        key="2"
      >
        <img
          alt="PRODUCT_ICON"
          className="productIcon"
          src="product.png"
        />
        <div
          className="rightContainerRow"
        >
          <div
            className="firstRow"
          >
            <div
              className="dotRow"
            >
              <img
                alt="GREEN_DOT"
                className="greenIcon"
                src="greenDot.png"
              />
              <div
                className="starRow"
              >
                <p
                  className="ratingText"
                >
                  4.0
                </p>
                <img
                  alt="STAR_ICON"
                  className="starIcon"
                  src="star.png"
                />
              </div>
            </div>
            <img
              alt="HEART_ICON"
              className="heartIcon"
              src="heart.png"
            />
          </div>
          <p
            className="productName"
          >
            Margherita
          </p>
          <p
            className="productDescription"
          >
            A Classic delight with 100 %  Real mozzarella..
          </p>
          <div
            className="bottomRow"
          >
            <div
              className="priceRow"
            >
              <p
                className="priceText"
              >
                £5.0
              </p>
              <p
                className="cutprice"
              >
                £10.0
              </p>
              <p
                className="saveText"
              >
                Save 50%
              </p>
            </div>
            <button
              className="addCartButton"
            >
              Add
            </button>
          </div>
        </div>
      </div>
      <div
        className="cellContainer"
        key="3"
      >
        <img
          alt="PRODUCT_ICON"
          className="productIcon"
          src="product.png"
        />
        <div
          className="rightContainerRow"
        >
          <div
            className="firstRow"
          >
            <div
              className="dotRow"
            >
              <img
                alt="GREEN_DOT"
                className="greenIcon"
                src="greenDot.png"
              />
              <div
                className="starRow"
              >
                <p
                  className="ratingText"
                >
                  4.0
                </p>
                <img
                  alt="STAR_ICON"
                  className="starIcon"
                  src="star.png"
                />
              </div>
            </div>
            <img
              alt="HEART_ICON"
              className="heartIcon"
              src="heart.png"
            />
          </div>
          <p
            className="productName"
          >
            Margherita
          </p>
          <p
            className="productDescription"
          >
            A Classic delight with 100 %  Real mozzarella..
          </p>
          <div
            className="bottomRow"
          >
            <div
              className="priceRow"
            >
              <p
                className="priceText"
              >
                £5.0
              </p>
              <p
                className="cutprice"
              >
                £10.0
              </p>
              <p
                className="saveText"
              >
                Save 50%
              </p>
            </div>
            <button
              className="addCartButton"
            >
              Add
            </button>
          </div>
        </div>
      </div>
      <div
        className="cellContainer"
        key="4"
      >
        <img
          alt="PRODUCT_ICON"
          className="productIcon"
          src="product.png"
        />
        <div
          className="rightContainerRow"
        >
          <div
            className="firstRow"
          >
            <div
              className="dotRow"
            >
              <img
                alt="GREEN_DOT"
                className="greenIcon"
                src="greenDot.png"
              />
              <div
                className="starRow"
              >
                <p
                  className="ratingText"
                >
                  4.0
                </p>
                <img
                  alt="STAR_ICON"
                  className="starIcon"
                  src="star.png"
                />
              </div>
            </div>
            <img
              alt="HEART_ICON"
              className="heartIcon"
              src="heart.png"
            />
          </div>
          <p
            className="productName"
          >
            Margherita
          </p>
          <p
            className="productDescription"
          >
            A Classic delight with 100 %  Real mozzarella..
          </p>
          <div
            className="bottomRow"
          >
            <div
              className="priceRow"
            >
              <p
                className="priceText"
              >
                £5.0
              </p>
              <p
                className="cutprice"
              >
                £10.0
              </p>
              <p
                className="saveText"
              >
                Save 50%
              </p>
            </div>
            <button
              className="addCartButton"
            >
              Add
            </button>
          </div>
        </div>
      </div>
      <div
        className="cellContainer"
        key="5"
      >
        <img
          alt="PRODUCT_ICON"
          className="productIcon"
          src="product.png"
        />
        <div
          className="rightContainerRow"
        >
          <div
            className="firstRow"
          >
            <div
              className="dotRow"
            >
              <img
                alt="GREEN_DOT"
                className="greenIcon"
                src="greenDot.png"
              />
              <div
                className="starRow"
              >
                <p
                  className="ratingText"
                >
                  4.0
                </p>
                <img
                  alt="STAR_ICON"
                  className="starIcon"
                  src="star.png"
                />
              </div>
            </div>
            <img
              alt="HEART_ICON"
              className="heartIcon"
              src="heart.png"
            />
          </div>
          <p
            className="productName"
          >
            Margherita
          </p>
          <p
            className="productDescription"
          >
            A Classic delight with 100 %  Real mozzarella..
          </p>
          <div
            className="bottomRow"
          >
            <div
              className="priceRow"
            >
              <p
                className="priceText"
              >
                £5.0
              </p>
              <p
                className="cutprice"
              >
                £10.0
              </p>
              <p
                className="saveText"
              >
                Save 50%
              </p>
            </div>
            <button
              className="addCartButton"
            >
              Add
            </button>
          </div>
        </div>
      </div>
    </div>
    <div
      className="rightContainer"
    >
      <p
        className="emptyText"
      >
        Cart Empty
      </p>
      <div
        className="cartContainer"
      >
        <img
          alt="CART_EMPTY_ICON"
          className="cartEmptyIcon"
          src="cart_empty.png"
        />
        <p
          className="cartEmptyText"
        >
          Cart is empty !
        </p>
        <p
          className="emptyMessage"
        >
          Order some items from the menu and enjoy meal.
        </p>
      </div>
      <img
        alt="COUPON_IMAGE"
        className="couponImage"
        src="https://cdn.static-zoutons.com/images/originals/blog/MAIN_BANNER-01_(3)_1609855163.png"
      />
      <img
        alt="COUPON_IMAGE"
        className="couponImage1"
        src="https://cdn.static-zoutons.com/images/originals/blog/BANNER29_12_1609855426.png"
      />
    </div>
    <div
      className="downloadContainer"
    >
      <img
        alt="BOTTOM_BANNER"
        className="bottomBanner"
        src="bottomBanner.png"
      />
      <div
        className="dataContainer"
      >
        <p
          className="downloadAppText"
        >
          Download the App for Free
        </p>
        <div
          className="buttonRow"
        >
          <img
            alt="GOOGLE_PLAY_ICON"
            className="appStoreIcon"
            src="googlePlayIcon.png"
          />
          <img
            alt="APP_STORE_ICON"
            className="appStoreIcon"
            src="appStoreIcon.png"
          />
        </div>
      </div>
    </div>
  </div>
  <div
    className="footerContainer"
  >
    <div
      className="leftFooter"
    >
      <p
        className="brandText"
      >
        Studio Store
      </p>
      <p
        className="brandDesc"
      >
        Lorem Ipsum is simply dummy text of the printing and typesetting industry. Lorem Ipsum has been the industry's standard dummy text ever since the 1500s
      </p>
    </div>
    <div
      className="midFooter"
    >
      <div
        className="leftColumn"
      >
        <p
          className="usefulHeadful"
        >
          Useful Links
        </p>
        <p
          className="usefulLabel"
        >
          About Us
        </p>
        <p
          className="usefulLabel"
        >
          Delivery & Returns
        </p>
        <p
          className="usefulLabel"
        >
          Site Map
        </p>
        <p
          className="usefulLabel"
        >
          Contact Us
        </p>
      </div>
      <div
        className="rightColumn"
      >
        <p
          className="usefulHeadful"
        >
          Quick Links
        </p>
        <p
          className="usefulLabel"
        >
          Help Center
        </p>
        <p
          className="usefulLabel"
        >
          FAQ's
        </p>
        <p
          className="usefulLabel"
        >
          Terms & Conditions
        </p>
        <p
          className="usefulLabel"
        >
          Privacy Policy
        </p>
      </div>
    </div>
    <div
      className="rightFooter"
    >
      <p
        className="promotionsText"
      >
        Promotions
      </p>
      <img
        alt="FOOTER_COUPON_ICON"
        className="footerCouponIcon"
        src="footerCoupon.png"
      />
    </div>
  </div>
  <div
    className="copyrightContainer"
  >
    <p
      className="copyrightText"
    >
      Copyright © 2020 Studio Store, USA. All rights reserved.
    </p>
  </div>
</div>
`;
